santh@DESKTOP-2ALVN64 MINGW64 ~
$ mkdir project_dir

santh@DESKTOP-2ALVN64 MINGW64 ~
$ cd project_dir

santh@DESKTOP-2ALVN64 MINGW64 ~/project_dir
$ git init
Initialized empty Git repository in C:/Users/santh/project_dir/.git/

santh@DESKTOP-2ALVN64 MINGW64 ~/project_dir (master)
$ touch index.html

santh@DESKTOP-2ALVN64 MINGW64 ~/project_dir (master)
$ git status
On branch master

No commits yet

Untracked files:
  (use "git add <file>..." to include in what will be committed)
        index.html

nothing added to commit but untracked files present (use "git add" to track)

santh@DESKTOP-2ALVN64 MINGW64 ~/project_dir (master)
$ git add .

santh@DESKTOP-2ALVN64 MINGW64 ~/project_dir (master)
$ git commit -m"first commit int index.html"
[master (root-commit) 71a3b32] first commit int index.html
 1 file changed, 0 insertions(+), 0 deletions(-)
 create mode 100644 index.html

santh@DESKTOP-2ALVN64 MINGW64 ~/project_dir (master)
$ touch info.txt

santh@DESKTOP-2ALVN64 MINGW64 ~/project_dir (master)
$ git status
On branch master
Untracked files:
  (use "git add <file>..." to include in what will be committed)
        info.txt

nothing added to commit but untracked files present (use "git add" to track)

santh@DESKTOP-2ALVN64 MINGW64 ~/project_dir (master)
$ git touch .gitignore
git: 'touch' is not a git command. See 'git --help'.

santh@DESKTOP-2ALVN64 MINGW64 ~/project_dir (master)
$ touch .gitignore

santh@DESKTOP-2ALVN64 MINGW64 ~/project_dir (master)
$ git status
On branch master
Untracked files:
  (use "git add <file>..." to include in what will be committed)
        .gitignore

nothing added to commit but untracked files present (use "git add" to track)

santh@DESKTOP-2ALVN64 MINGW64 ~/project_dir (master)
$ git status
On branch master
Untracked files:
  (use "git add <file>..." to include in what will be committed)
        .gitignore

nothing added to commit but untracked files present (use "git add" to track)

santh@DESKTOP-2ALVN64 MINGW64 ~/project_dir (master)
$ git log
commit 71a3b32ba20618fdf2acaebd2edaf4c22fea434c (HEAD -> master)
Author: Nireekshan Raju <santhinireekshan@gmial.com>
Date:   Mon Nov 8 14:42:28 2021 +0530

    first commit int index.html

santh@DESKTOP-2ALVN64 MINGW64 ~/project_dir (master)
$ git add index.html

santh@DESKTOP-2ALVN64 MINGW64 ~/project_dir (master)
$ git commit -m"second commit in index.html"
On branch master
Untracked files:
  (use "git add <file>..." to include in what will be committed)
        .gitignore

nothing added to commit but untracked files present (use "git add" to track)

santh@DESKTOP-2ALVN64 MINGW64 ~/project_dir (master)
$ git revert index.html
fatal: bad revision 'index.html'

santh@DESKTOP-2ALVN64 MINGW64 ~/project_dir (master)
$ git restore index.html


-------------------------------------------------------------------------------

santh@DESKTOP-2ALVN64 MINGW64 ~/project_dir (master)
$ git add index.html

santh@DESKTOP-2ALVN64 MINGW64 ~/project_dir (master)
$ git commit -m"third commit in the html file"
[master 2b41cc2] third commit in the html file
 1 file changed, 7 insertions(+)

santh@DESKTOP-2ALVN64 MINGW64 ~/project_dir (master)
$ git restore index.html

santh@DESKTOP-2ALVN64 MINGW64 ~/project_dir (master)
$ git status
On branch master
Untracked files:
  (use "git add <file>..." to include in what will be committed)
        .gitignore

nothing added to commit but untracked files present (use "git add" to track)

santh@DESKTOP-2ALVN64 MINGW64 ~/project_dir (master)
$ git config --global alias.my-add add

santh@DESKTOP-2ALVN64 MINGW64 ~/project_dir (master)
$ git my-add index.html

santh@DESKTOP-2ALVN64 MINGW64 ~/project_dir (master)
$ git commit -m"fourth commit in the html file"
On branch master
Untracked files:
  (use "git add <file>..." to include in what will be committed)
        .gitignore

nothing added to commit but untracked files present (use "git add" to track)

santh@DESKTOP-2ALVN64 MINGW64 ~/project_dir (master)
$ git status
On branch master
Untracked files:
  (use "git add <file>..." to include in what will be committed)
        .gitignore

nothing added to commit but untracked files present (use "git add" to track)

santh@DESKTOP-2ALVN64 MINGW64 ~/project_dir (master)
$ git log
commit 2b41cc21a7b277eb8f98d00462b965af7b777462 (HEAD -> master)
Author: Nireekshan Raju <santhinireekshan@gmial.com>
Date:   Mon Nov 8 14:58:12 2021 +0530

    third commit in the html file

commit 71a3b32ba20618fdf2acaebd2edaf4c22fea434c
Author: Nireekshan Raju <santhinireekshan@gmial.com>
Date:   Mon Nov 8 14:42:28 2021 +0530

    first commit int index.html

santh@DESKTOP-2ALVN64 MINGW64 ~/project_dir (master)
$ git revert 2b41cc21a7b277eb8f98d00462b965af7b777462
[master 56c0b65] Revert "third commit in the html file"
 1 file changed, 7 deletions(-)

---------------------------------------------------------------------------------------------------

santh@DESKTOP-2ALVN64 MINGW64 ~/project_dir (master)
$ mkdir Assignments

santh@DESKTOP-2ALVN64 MINGW64 ~/project_dir (master)
$ cd Assignments

santh@DESKTOP-2ALVN64 MINGW64 ~/project_dir/Assignments (master)
$ touch README.txt

santh@DESKTOP-2ALVN64 MINGW64 ~/project_dir/Assignments (master)
$ add README.txt
bash: add: command not found

santh@DESKTOP-2ALVN64 MINGW64 ~/project_dir/Assignments (master)
$ git add README.txt

santh@DESKTOP-2ALVN64 MINGW64 ~/project_dir/Assignments (master)
$ git commit README.txt -m"commit in the readme file"
[master 2f100c6] commit in the readme file
 1 file changed, 2 insertions(+)
 create mode 100644 Assignments/README.txt

santh@DESKTOP-2ALVN64 MINGW64 ~/project_dir/Assignments (master)
$ git branch
* master

santh@DESKTOP-2ALVN64 MINGW64 ~/project_dir/Assignments (master)
$ git branch html-assignments

santh@DESKTOP-2ALVN64 MINGW64 ~/project_dir/Assignments (master)
$ git checkout html-assignments
Switched to branch 'html-assignments'

santh@DESKTOP-2ALVN64 MINGW64 ~/project_dir/Assignments (html-assignments)
$ git commit -m"commiting in html-assignments"
On branch html-assignments
Untracked files:
  (use "git add <file>..." to include in what will be committed)
        ../.gitignore
        about.html

nothing added to commit but untracked files present (use "git add" to track)

santh@DESKTOP-2ALVN64 MINGW64 ~/project_dir/Assignments (html-assignments)
$ git add .

santh@DESKTOP-2ALVN64 MINGW64 ~/project_dir/Assignments (html-assignments)
$ git commit -m"commiting in the html-assignments"
[html-assignments 1786a26] commiting in the html-assignments
 1 file changed, 40 insertions(+)
 create mode 100644 Assignments/about.html

santh@DESKTOP-2ALVN64 MINGW64 ~/project_dir/Assignments (html-assignments)
$ git add .

santh@DESKTOP-2ALVN64 MINGW64 ~/project_dir/Assignments (html-assignments)
$ git commit -m"change is now i am in the htmlassignments"
[html-assignments dcb9fb2] change is now i am in the htmlassignments
 1 file changed, 2 insertions(+), 2 deletions(-)

santh@DESKTOP-2ALVN64 MINGW64 ~/project_dir/Assignments (html-assignments)
$ git checkout master
Switched to branch 'master'

santh@DESKTOP-2ALVN64 MINGW64 ~/project_dir/Assignments (master)
$ git checkout html-assignments
Switched to branch 'html-assignments'
M       Assignments/README.txt

santh@DESKTOP-2ALVN64 MINGW64 ~/project_dir/Assignments (html-assignments)
$ git add .

santh@DESKTOP-2ALVN64 MINGW64 ~/project_dir/Assignments (html-assignments)
$ git commit -m"the changes are done again"
[html-assignments b3d4313] the changes are done again
 2 files changed, 4 insertions(+), 1 deletion(-)

santh@DESKTOP-2ALVN64 MINGW64 ~/project_dir/Assignments (html-assignments)
$ git checkout master
Switched to branch 'master'

santh@DESKTOP-2ALVN64 MINGW64 ~/project_dir/Assignments (master)
$ git merge html-assignments
Updating 2f100c6..b3d4313
Fast-forward
 Assignments/README.txt |  4 +++-
 Assignments/about.html | 41 +++++++++++++++++++++++++++++++++++++++++
 2 files changed, 44 insertions(+), 1 deletion(-)
 create mode 100644 Assignments/about.html

santh@DESKTOP-2ALVN64 MINGW64 ~/project_dir/Assignments (master)
$ git branch -d html-assignments
Deleted branch html-assignments (was b3d4313).

-------------------------------------------------------------------------------------------------------------------------------
santh@DESKTOP-2ALVN64 MINGW64 ~/project_dir/Assignments (master)
$ git branch css-assignments

santh@DESKTOP-2ALVN64 MINGW64 ~/project_dir/Assignments (master)
$ git checkout css-assignments
Switched to branch 'css-assignments'

santh@DESKTOP-2ALVN64 MINGW64 ~/project_dir/Assignments (css-assignments)
$ git status
On branch css-assignments
Untracked files:
  (use "git add <file>..." to include in what will be committed)
        ../.gitignore
        sample.css

nothing added to commit but untracked files present (use "git add" to track)

santh@DESKTOP-2ALVN64 MINGW64 ~/project_dir/Assignments (css-assignments)
$ git  add .

santh@DESKTOP-2ALVN64 MINGW64 ~/project_dir/Assignments (css-assignments)
$ git commit "first commiting in the css assignments"
error: pathspec 'first commiting in the css assignments' did not match any file(s) known to git

santh@DESKTOP-2ALVN64 MINGW64 ~/project_dir/Assignments (css-assignments)
$ git commit -m "first commiting in the css assignments"
[css-assignments cce9641] first commiting in the css assignments
 1 file changed, 34 insertions(+)
 create mode 100644 Assignments/sample.css

santh@DESKTOP-2ALVN64 MINGW64 ~/project_dir/Assignments (css-assignments)
$ git add .

santh@DESKTOP-2ALVN64 MINGW64 ~/project_dir/Assignments (css-assignments)
$ git commit -m "2nd commit while in css-assignments"
[css-assignments 3affe7f] 2nd commit while in css-assignments
 1 file changed, 3 insertions(+), 1 deletion(-)

santh@DESKTOP-2ALVN64 MINGW64 ~/project_dir/Assignments (css-assignments)
$ git checkout master
Switched to branch 'master'

santh@DESKTOP-2ALVN64 MINGW64 ~/project_dir/Assignments (master)
$ git add .
gi
santh@DESKTOP-2ALVN64 MINGW64 ~/project_dir/Assignments (master)
$ git status
On branch master
Changes to be committed:
  (use "git restore --staged <file>..." to unstage)
        modified:   README.txt

Untracked files:
  (use "git add <file>..." to include in what will be committed)
        ../.gitignore


santh@DESKTOP-2ALVN64 MINGW64 ~/project_dir/Assignments (master)
$ git commit -m"commiting the changes while i am in the master in line 3"
[master 2895fd9] commiting the changes while i am in the master in line 3
 1 file changed, 3 insertions(+), 1 deletion(-)

santh@DESKTOP-2ALVN64 MINGW64 ~/project_dir/Assignments (master)
$ git checkout css-assignmentsw
error: pathspec 'css-assignmentsw' did not match any file(s) known to git

santh@DESKTOP-2ALVN64 MINGW64 ~/project_dir/Assignments (master)
$ git checkout css-assignments
Switched to branch 'css-assignments'

santh@DESKTOP-2ALVN64 MINGW64 ~/project_dir/Assignments (css-assignments)
$ git add .

santh@DESKTOP-2ALVN64 MINGW64 ~/project_dir/Assignments (css-assignments)
$ git commit -m"commited with caps lock on"
[css-assignments 80dc01f] commited with caps lock on
 2 files changed, 4 insertions(+)

santh@DESKTOP-2ALVN64 MINGW64 ~/project_dir/Assignments (css-assignments)
$ git checkout master
Switched to branch 'master'

santh@DESKTOP-2ALVN64 MINGW64 ~/project_dir/Assignments (master)
$ git merge css-assignments
Auto-merging Assignments/README.txt
CONFLICT (content): Merge conflict in Assignments/README.txt
Automatic merge failed; fix conflicts and then commit the result.

santh@DESKTOP-2ALVN64 MINGW64 ~/project_dir/Assignments (master|MERGING)
$ git branch -d css-assignments
error: The branch 'css-assignments' is not fully merged.
If you are sure you want to delete it, run 'git branch -D css-assignments'.

santh@DESKTOP-2ALVN64 MINGW64 ~/project_dir/Assignments (master|MERGING)
$ git status
On branch master
You have unmerged paths.
  (fix conflicts and run "git commit")
  (use "git merge --abort" to abort the merge)

Changes to be committed:
        new file:   sample.css

Unmerged paths:
  (use "git add <file>..." to mark resolution)
        both modified:   README.txt

Untracked files:
  (use "git add <file>..." to include in what will be committed)
        ../.gitignore


santh@DESKTOP-2ALVN64 MINGW64 ~/project_dir/Assignments (master|MERGING)
$ git add .

santh@DESKTOP-2ALVN64 MINGW64 ~/project_dir/Assignments (master|MERGING)
$ git commit -m"all set"
[master 85f6741] all set

santh@DESKTOP-2ALVN64 MINGW64 ~/project_dir/Assignments (master)
$ git status
On branch master
Untracked files:
  (use "git add <file>..." to include in what will be committed)
        ../.gitignore

nothing added to commit but untracked files present (use "git add" to track)

santh@DESKTOP-2ALVN64 MINGW64 ~/project_dir/Assignments (master)
$ git branch css-assignments
fatal: A branch named 'css-assignments' already exists.

santh@DESKTOP-2ALVN64 MINGW64 ~/project_dir/Assignments (master)
$ git branch -d css-assignments
Deleted branch css-assignments (was 80dc01f).


